╔═ Go to test ═════════════════════════════════════════════════════════════════════════════════════╗
║ Search: another                                                                                  ║
║                                                                                                  ║
║   ▾ 01CRZ3NDEKTSV4RRFFQ69G5FAV (2018-10-04 10:38:46)                                             ║
║     ▾ ex[43ma[49mmple.A[43mnother[49mSuite                                                                       ║
║ >       deep order invoice snapshot has nested differences                                     < ║
║                                                                                                  ║
║                                                                                                  ║
║                                                                                                  ║
╚══════════════════════════════════════════════════════════════════════════════════════════════════╝
┌──────────────────────────────────────────────────────────────────────────────────────────────────┐
│ runId: 01CRZ3NDEKTSV4RRFFQ69G5FAV                                                                │
│ testId: 01ARZ3NDEKTSV4RRFFQ69G5FAW                                                               │
│ Suite: example.AnotherSuite                                                                      │
│ Line: 37                                                                                         │
│ File: /workspace/AnotherSuite.scala                                                              │
└──────────────────────────────────────────────────────────────────────────────────────────────────┘






















