╔═ Go to test ═════════════════════════════════════════════════════════════════════════════════════╗
║ Search: scn                                                                                      ║
║                                                                                                  ║
║   ▾ 01ARZ3NDEKTSV4RRFFQ69G5FAV (2016-07-31 01:54:10)                                             ║
║     ▾ example.OtherSuite                                                                         ║
║ >       · [43ms[49me[43mc[49mo[43mn[49md                                                                               < ║
║                                                                                                  ║
║                                                                                                  ║
║                                                                                                  ║
╚══════════════════════════════════════════════════════════════════════════════════════════════════╝
┌──────────────────────────────────────────────────────────────────────────────────────────────────┐
│ runId: 01ARZ3NDEKTSV4RRFFQ69G5FAV                                                                │
│ testId: 01ARZ3NDEKTSV4RRFFQ69G5FAW                                                               │
│ Suite: example.OtherSuite                                                                        │
│ Line: 37                                                                                         │
│ File: /workspace/OtherSuite.scala                                                                │
└──────────────────────────────────────────────────────────────────────────────────────────────────┘






















