╔═ Go to test ═════════════════════════════════════════════════════════════════════════════════════╗
║ Search: scn                                                                                      ║
║                                                                                                  ║
║   ▾ Jul 31 (Sun) 1:54am                                                                          ║
║     ▾ example.OtherSuite                                                                         ║
║ >     · [43ms[49me[43mc[49mo[43mn[49md                                                                                 < ║
║                                                                                                  ║
║                                                                                                  ║
║                                                                                                  ║
╚══════════════════════════════════════════════════════════════════════════════════════════════════╝
┌──────────────────────────────────────────────────────────────────────────────────────────────────┐
│ Run: Jul 31 (Sun) 1:54am                                                                         │
│ testId: 01ARZ3NDEKTSV4RRFFQ69G5FAW                                                               │
│ Suite: example.OtherSuite                                                                        │
│ Line: 37                                                                                         │
│ File: /workspace/OtherSuite.scala                                                                │
└──────────────────────────────────────────────────────────────────────────────────────────────────┘






















