╔═ Go to test ═════════════════════════════════════════════════════════════════════════════════════╗
║ Search: identifier                                                                               ║
║                                                                                                  ║
║   ▾ 01ARZ3NDEKTSV4RRFFQ69G5FAV (2016-07-31 01:54:10)                                             ║
║     ▾ example.ExampleSuite                                                                       ║
║ >       first [43m[test id matches][49m                                                                < ║
║                                                                                                  ║
║                                                                                                  ║
║                                                                                                  ║
╚══════════════════════════════════════════════════════════════════════════════════════════════════╝
┌──────────────────────────────────────────────────────────────────────────────────────────────────┐
│ runId: 01ARZ3NDEKTSV4RRFFQ69G5FAV                                                                │
│ testId: stable-test-identifier                                                                   │
│ Suite: example.ExampleSuite                                                                      │
│ Line: 37                                                                                         │
│ File: /workspace/ExampleSuite.scala                                                              │
└──────────────────────────────────────────────────────────────────────────────────────────────────┘






















