╔═ Go to test ═════════════════════════════════════════════════════════════════════════════════════╗
║ Search: identifier                                                                               ║
║                                                                                                  ║
║ > · first [35m(Jul 31 1:54am (Sun))[39m [43m[test id matches][49m                                              < ║
║                                                                                                  ║
║                                                                                                  ║
║                                                                                                  ║
║                                                                                                  ║
║                                                                                                  ║
╚══════════════════════════════════════════════════════════════════════════════════════════════════╝
┌──────────────────────────────────────────────────────────────────────────────────────────────────┐
│ Run: Jul 31 1:54am (Sun)                                                                         │
│ testId: stable-test-identifier                                                                   │
│ Suite: example.ExampleSuite                                                                      │
│ Line: 37                                                                                         │
│ File: /workspace/ExampleSuite.scala                                                              │
└──────────────────────────────────────────────────────────────────────────────────────────────────┘






















