╔═ Go to test ═════════════════════════════════════════════════════════════════════════════════════╗
║ Search: second                                                                                   ║
║                                                                                                  ║
║   ▾ 01ARZ3NDEKTSV4RRFFQ69G5FAV (2016-07-31 01:54:10)                                             ║
║     ▾ example.OtherSuite                                                                         ║
║ >       second                                                                                 < ║
║                                                                                                  ║
║                                                                                                  ║
║                                                                                                  ║
╚══════════════════════════════════════════════════════════════════════════════════════════════════╝
┌──────────────────────────────────────────────────────────────────────────────────────────────────┐
│ runId: 01ARZ3NDEKTSV4RRFFQ69G5FAV                                                                │
│ testId: 01ARZ3NDEKTSV4RRFFQ69G5FAW                                                               │
│ Suite: example.OtherSuite                                                                        │
│ Line: 37                                                                                         │
│ File: /workspace/OtherSuite.scala                                                                │
└──────────────────────────────────────────────────────────────────────────────────────────────────┘






























