╔═ Go to test ═════════════════════════════════════════════════════════════════════════════════════╗
║ Search: second                                                                                   ║
║                                                                                                  ║
║   ▾ Jul 31 1:54am (Sun)                                                                          ║
║     ▾ example.OtherSuite                                                                         ║
║ >       · second                                                                               < ║
║                                                                                                  ║
║                                                                                                  ║
║                                                                                                  ║
╚══════════════════════════════════════════════════════════════════════════════════════════════════╝
┌──────────────────────────────────────────────────────────────────────────────────────────────────┐
│ Run: Jul 31 1:54am (Sun)                                                                         │
│ testId: 01ARZ3NDEKTSV4RRFFQ69G5FAW                                                               │
│ Suite: example.OtherSuite                                                                        │
│ Line: 37                                                                                         │
│ File: /workspace/OtherSuite.scala                                                                │
└──────────────────────────────────────────────────────────────────────────────────────────────────┘






















