  [35m▾ JsonObject[39m                                                                                      
    ▸ [43msame[49m -> JsonObject                                                                            
  [35m  ▾ diff -> JsonObject[39m                                                                            
> [35m      nested -> [39m[31m1[39m[35m -> [39m[32m2[39m                                                                           <









































┌─ Field search ───────────────────────────────────────────────────────────────────────────────────┐
│ /same                                                                                            │
└──────────────────────────────────────────────────────────────────────────────────────────────────┘