  ▾ Map[String,String]                                                                              
>     targetKey -> left -> right                                                                   <
      otherKey -> same                                                                              












































