  ▾ PaddedRecord                                                                                    
>     a        : 1 -> 2                                                                            <
      longField: 3 -> 4                                                                             












































