  ▾ SideOnlyFixture                                                                                 
    ▾ actualOnly  : ActualOnlyRecord                                                                
        name: + Ada                                                                                 
>   ▾ expectedOnly: ExpectedOnlyRecord                                                             <
        name: - Grace                                                                               










































