  [35m▾ OrderFixture[39m                                                                                    
> [35m  ▸ fulfillment: Fulfillment[39m   [43m[2 matches][49m                                                       <



































┌─ Field search ───────────────────────────────────────────────────────────────────────────────────┐
│ /name                                                                                            │
└──────────────────────────────────────────────────────────────────────────────────────────────────┘