  ▾ List[TuiListElement]                                                                            
    ▸ [0]: TuiListElement                                                                           
>   ▸ [1]: TuiListElement                                                                          <
    ▸ [2]: TuiListElement                                                                           
    ▸ [3]: TuiListElement                                                                           


































