  ▾ Root                                                                                            
>   ▾ selected: Branch                                                                             <
        nested: 1 -> 2                                                                              
    ▸ other   : Branch                                                                              











































