  ▾ FieldSearchFixture                                                                              
      firstName: Ada -> Grace                                                                       
>     age      : 1 -> 2                                                                            <
      lastName : Lovelace -> Hopper                                                                 











































