  ▾ SideOnlyFixture                                                                                 
    ▸ actualOnly  : ActualOnlyRecord                                                                
>   ▸ expectedOnly: ExpectedOnlyRecord                                                             <












































