  ▾ OrderFixture                                                                                    
    ▾ fulfillment: Fulfillment                                                                      
>     ▸ contact: Contact   [2 matches]                                                             <


































┌─ Field search ───────────────────────────────────────────────────────────────────────────────────┐
│ /name                                                                                            │
└──────────────────────────────────────────────────────────────────────────────────────────────────┘