  ▾ JsonObject                                                                                      
    ▸ same -> JsonObject                                                                            
>   ▸ diff -> JsonObject                                                                           <




































