  ▾ JsonObject                                                                                      
    ▾ diff -> JsonObject                                                                            
>       nested -> 1 -> 2                                                                           <












































