  [35m▾ OrderFixture[39m                                                                                    
  [35m  ▾ fulfillment: Fulfillment[39m                                                                      
> [35m      first[39m[43m[35mName[39m[49m[35m: [39m[31mAda[39m[35m -> [39m[32mGrace[39m                                                                    <
  [35m      last[39m[43m[35mName[39m[49m[35m : [39m[31mLovelace[39m[35m -> [39m[32mHopper[39m                                                               









































┌─ Field search ───────────────────────────────────────────────────────────────────────────────────┐
│ /name                                                                                            │
└──────────────────────────────────────────────────────────────────────────────────────────────────┘