  ▾ Root                                                                                            
>   ▸ selected: Branch                                                                             <
    ▸ other   : Branch                                                                              












































