  ▾ JsonObject                                                                                      
>   ▾ same -> JsonObject                                                                           <
        nested -> 1                                                                                 
    ▾ diff -> JsonObject                                                                            
        nested -> 1 -> 2                                                                            










































