╔═ Go to test ═════════════════════════════════════════════════════════════════════════════════════╗
║ Search: another                                                                                  ║
║                                                                                                  ║
║   ▾ Oct 4 (Thu) 10:38am                                                                          ║
║     ▾ example.AnotherSuite                                                                       ║
║ >     · deep order invoice snapshot has nested differences                                     < ║
║   ▾ Sep 1 (Fri) 6:16pm                                                                           ║
║     ▾ example.ComplexSuite                                                                       ║
║       · another test that fails                                                                  ║
║   ▾ Jul 31 (Sun) 1:54am                                                                          ║
║     ▾ example.ComplexSuite                                                                       ║
║       · another test that fails                                                                  ║
║                                                                                                  ║
║                                                                                                  ║
║                                                                                                  ║
║                                                                                                  ║
║                                                                                                  ║
║                                                                                                  ║
║                                                                                                  ║
║                                                                                                  ║
║                                                                                                  ║
║                                                                                                  ║
║                                                                                                  ║
║                                                                                                  ║
║                                                                                                  ║
║                                                                                                  ║
║                                                                                                  ║
║                                                                                                  ║
║                                                                                                  ║
║                                                                                                  ║
║                                                                                                  ║
║                                                                                                  ║
╚══════════════════════════════════════════════════════════════════════════════════════════════════╝
┌──────────────────────────────────────────────────────────────────────────────────────────────────┐
│ Run: Oct 4 (Thu) 10:38am                                                                         │
│ testId: 01ARZ3NDEKTSV4RRFFQ69G5FAW                                                               │
│ Suite: example.AnotherSuite                                                                      │
│ Line: 37                                                                                         │
│ File: /workspace/AnotherSuite.scala                                                              │
└──────────────────────────────────────────────────────────────────────────────────────────────────┘