╔═ Go to test ═════════════════════════════════════════════════════════════════════════════════════╗
║ Search: another                                                                                  ║
║                                                                                                  ║
║   ▾ Oct 4 10:38am (Thu)                                                                          ║
║     ▾ example.AnotherSuite                                                                       ║
║ >       · deep order invoice snapshot has nested differences                                   < ║
║   ▾ Sep 1 6:16pm (Fri)                                                                           ║
║     ▾ example.ComplexSuite                                                                       ║
║         · another test that fails                                                                ║
╚══════════════════════════════════════════════════════════════════════════════════════════════════╝
┌──────────────────────────────────────────────────────────────────────────────────────────────────┐
│ Run: Oct 4 10:38am (Thu)                                                                         │
│ testId: 01ARZ3NDEKTSV4RRFFQ69G5FAW                                                               │
│ Suite: example.AnotherSuite                                                                      │
│ Line: 37                                                                                         │
│ File: /workspace/AnotherSuite.scala                                                              │
└──────────────────────────────────────────────────────────────────────────────────────────────────┘






















