╔═ Go to test ══════════════════════════════════════════════ Showing Test Run: Sep 1 (Fri) 6:16pm ═╗
║ Search:                                                                                          ║
║                                                                                                  ║
║   ▾ example.ExampleSuite                                                                         ║
║ >   · first                                                                                    < ║
║   ▾ example.OtherSuite                                                                           ║
║     · second                                                                                     ║
║                                                                                                  ║
║                                                                                                  ║
╚══════════════════════════════════════════════════════════════════════════════════════════════════╝
┌──────────────────────────────────────────────────────────────────────────────────────────────────┐
│ Run: Sep 1 (Fri) 6:16pm                                                                          │
│ testId: 01ARZ3NDEKTSV4RRFFQ69G5FAW                                                               │
│ Suite: example.ExampleSuite                                                                      │
│ Line: 37                                                                                         │
│ File: /workspace/ExampleSuite.scala                                                              │
└──────────────────────────────────────────────────────────────────────────────────────────────────┘






















