╔═ Go to test ═════════════════════════════════════════════════════════════════════════════════════╗
║ Search:                                                                                          ║
║                                                                                                  ║
║   ▾ Jul 31 1:54am (Sun)                                                                          ║
║     ▾ example.ExampleSuite                                                                       ║
║ >       · first                                                                                < ║
║     ▾ example.OtherSuite                                                                         ║
║         · second                                                                                 ║
║                                                                                                  ║
╚══════════════════════════════════════════════════════════════════════════════════════════════════╝
┌──────────────────────────────────────────────────────────────────────────────────────────────────┐
│ Run: Jul 31 1:54am (Sun)                                                                         │
│ testId: 01ARZ3NDEKTSV4RRFFQ69G5FAW                                                               │
│ Suite: example.ExampleSuite                                                                      │
│ Line: 37                                                                                         │
│ File: /workspace/ExampleSuite.scala                                                              │
└──────────────────────────────────────────────────────────────────────────────────────────────────┘






















