╔═ Go to test ═════════════════════════════════════════════════════════════════════════════════════╗
║ Search:                                                                                          ║
║                                                                                                  ║
║   ▾ 01BRZ3NDEKTSV4RRFFQ69G5FAV (2017-09-01 18:16:28)                                             ║
║     ▾ example.LatestSuite                                                                        ║
║ >       same                                                                                   < ║
║   ▾ 01ARZ3NDEKTSV4RRFFQ69G5FAV (2016-07-31 01:54:10)                                             ║
║     ▾ example.OldSuite                                                                           ║
║         same                                                                                     ║
╚══════════════════════════════════════════════════════════════════════════════════════════════════╝
┌──────────────────────────────────────────────────────────────────────────────────────────────────┐
│ runId: 01BRZ3NDEKTSV4RRFFQ69G5FAV                                                                │
│ testId: 01ARZ3NDEKTSV4RRFFQ69G5FAW                                                               │
│ Suite: example.LatestSuite                                                                       │
│ Line: 37                                                                                         │
│ File: /workspace/LatestSuite.scala                                                               │
└──────────────────────────────────────────────────────────────────────────────────────────────────┘






















