╔═ Go to test ═════════════════════════════════════════════════════════════════════════════════════╗
║ Search:                                                                                          ║
║                                                                                                  ║
║   ▾ Sep 1 (Fri) 6:16pm                                                                           ║
║     ▾ example.LatestSuite                                                                        ║
║ >       · same                                                                                 < ║
║   ▾ Jul 31 (Sun) 1:54am                                                                          ║
║     ▾ example.OldSuite                                                                           ║
║         · same                                                                                   ║
╚══════════════════════════════════════════════════════════════════════════════════════════════════╝
┌──────────────────────────────────────────────────────────────────────────────────────────────────┐
│ Run: Sep 1 (Fri) 6:16pm                                                                          │
│ testId: 01ARZ3NDEKTSV4RRFFQ69G5FAW                                                               │
│ Suite: example.LatestSuite                                                                       │
│ Line: 37                                                                                         │
│ File: /workspace/LatestSuite.scala                                                               │
└──────────────────────────────────────────────────────────────────────────────────────────────────┘






















